Build Fuse and libspectrum for OpenDingux and RetroFW
=====================================================

The steps provided here has been tested on a bash terminal session on an Ubuntu
18.04.04 LTS with default GCC toolchain and development tools (automake,
autoconf, make, git, squashfs-tools, flex, bison, perl, libtool, etc...).

squashfs-tools package is needed for creating opk files.

Toolchains tested:
- For OpenDingux the GCW0, RG350 and latest beta OpenDingux toolchains
- For RetroFW this was tested with RetroFW 2.

In the steps source code for Fuse and libspectrum was extracted in:
  - $HOME/src/libspectrum-1.5.0
  - $HOME/src/fuse-1.6.0

In the steps the toolchain is installed in:
  - /opt/toolchain

To build Fuse we need first build and install libspectrum:
  - In the steps is used $HOME/src/libspectrum-install
  - libspectrum will be builded without libaudio and libgcrypt,
  - For RetroFW is configured to use internal replacement for GLib.

You must adapt this for your OS, toolchains and paths.

Steps:
======
1.- Put your OpenDingux/RetroFW toolchain in PATH. For example:

$ export PATH=/opt/toolchain/usr/bin:$PATH

2.- Configure, build and install libspectrum:

$ cd $HOME/src/libspectrum-1.5.0

Configure for 2014 OpenDingux and latest beta:

$ ./configure CC=mipsel-gcw0-linux-uclibc-gcc \
CXX=mipsel-gcw0-linux-uclibc-g++ --host=mipsel-gcw0-linux-uclibc \
--without-libaudiofile --without-libgcrypt \
--prefix="$HOME/src/libspectrum-install" CFLAGS='-mips32r2 -O3'

Configure for RetroFW:

$ ./configure CC=mipsel-RetroFW-linux-uclibc-gcc \
CXX=mipsel-RetroFW-linux-uclibc-g++ --host=mipsel-RetroFW-linux-uclibc \
--without-libaudiofile --without-libgcrypt --with-fake-glib \
--prefix="$HOME/src/libspectrum-install" CFLAGS='-mips32 -O3'

$ make && make install

In $HOME/src/libspectrum-install must be installed libspectrum

3.- Configure Fuse:

$ cd $HOME/src/fuse-1.6.0

You might want to run autogen.sh first.

If you see
Unescaped left brace in regex is illegal here in regex; marked by <-- HERE in m/${ <-- HERE ([^ \t=:+{}]+)}/ at /opt/gcw0-toolchain/usr/bin/automake line 3930.
you can update the file (add backslashes before brackets):
3930
#$text =~ s/\${([^ \t=:+{}]+)}/substitute_ac_subst_variables_worker ($1)/ge;
$text =~ s/\$\{([^ \t=:+{}]+)\}/substitute_ac_subst_variables_worker ($1)/ge;
or change your Perl version.
The error is with automake and perl v5.26.
In perl v5.22, using a literal { in a regular expression was deprecated, and will emit a warning if it isn't escaped: \{. In v5.26, this won't just warn, it'll cause a syntax error.

Configure for 2014 OpenDingux:

$ ./configure PKG_CONFIG_PATH="$HOME/src/libspectrum-install/lib/pkgconfig" \
LIBSPECTRUM_CFLAGS="-I$HOME/src/libspectrum-install/include" \
LIBSPECTRUM_LIBS="-L$HOME/src/libspectrum-install/lib -l:libspectrum.a -lbz2" \
CC=mipsel-gcw0-linux-uclibc-gcc CXX=mipsel-gcw0-linux-uclibc-g++ \
--host=mipsel-gcw0-linux-uclibc --with-gcw0 --disable-sdl2 \
--with-sdl-prefix=/opt/toolchain/usr/mipsel-gcw0-linux-uclibc/sysroot/usr \
CFLAGS='-mips32r2 -O3'

Configure for latest beta OpenDingux:

$ ./configure PKG_CONFIG_PATH="$HOME/src/libspectrum-install/lib/pkgconfig" \
LIBSPECTRUM_CFLAGS="-I$HOME/src/libspectrum-install/include" \
LIBSPECTRUM_LIBS="-L$HOME/src/libspectrum-install/lib -l:libspectrum.a" \
CC=mipsel-gcw0-linux-uclibc-gcc CXX=mipsel-gcw0-linux-uclibc-g++ \
--host=mipsel-gcw0-linux-uclibc --with-gcw0 --disable-sdl2 \
--with-sdl-prefix=/opt/toolchain/usr/mipsel-gcw0-linux-uclibc/sysroot/usr \
CFLAGS='-mips32r2 -O3'

Configure for RetroFW:

$ ./configure PKG_CONFIG_PATH="$HOME/src/libspectrum-install/lib/pkgconfig" \
LIBSPECTRUM_CFLAGS="-I$HOME/src/libspectrum-install/include" \
LIBSPECTRUM_LIBS="-L$HOME/src/libspectrum-install/lib -l:libspectrum.a -lbz2" \
CC=mipsel-RetroFW-linux-uclibc-gcc CXX=mipsel-RetroFW-linux-uclibc-g++ \
--host=mipsel-RetroFW-linux-uclibc --with-retrofw --disable-sdl2 \
--with-sdl-prefix=/opt/toolchain/mipsel-RetroFW-linux-uclibc/sysroot/usr \
CFLAGS='-mips32 -O3'

Add -g -O0 to CFLAGS if you want to enable debugging.
You may need to add --disable-sdl2 if it is set by default on your computer.

4.- Build Fuse

For 2014 OpenDingux:

$ cd $HOME/src/fuse-1.6.0/Platform/GCW0
$ make

fuse-1.6.0-od-v{version}.opk should be created in $HOME/src/fuse-1.6.0/Platform/GCW0/build

For latest beta OpenDingux:

$ cd $HOME/src/fuse-1.6.0/Platform/GCW0
$ make

fuse-1.6.0-latest_od-v{version}.opk should be created in $HOME/src/fuse-1.6.0/Platform/GCW0/build

For RetroFW 2:

$ cd $HOME/src/fuse-1.6.0/Platform/RETROFW2.0
$ make

fuse-1.6.0-retrofw-v{version}.opk should be created in $HOME/src/fuse-1.6.0/Platform/RETROFW2.0/build

For RetroFW 1:

$ cd $HOME/src/fuse-1.6.0/Platform/RETROFW1.0
$ make

fuse-1.6.0-retrofw-v{version}.ipk $HOME/src/fuse-1.6.0/Platform/RETROFW1.0/build

In all cases {version] is for OpenDingux/RetrFW version
